{"timestamp":"2025-09-05T00:50:41.320Z","level":"WARN","message":"Route not found: GET /.well-known/appspecific/com.chrome.devtools.json"}
{"timestamp":"2025-09-05T00:52:38.629Z","level":"WARN","message":"Route not found: GET /.well-known/appspecific/com.chrome.devtools.json"}
{"timestamp":"2025-09-05T00:52:55.303Z","level":"WARN","message":"Route not found: GET /.well-known/appspecific/com.chrome.devtools.json"}
{"timestamp":"2025-09-05T01:21:18.226Z","level":"WARN","message":"Route not found: GET /.well-known/appspecific/com.chrome.devtools.json"}
{"timestamp":"2025-09-05T01:22:37.069Z","level":"WARN","message":"Route not found: GET /.well-known/appspecific/com.chrome.devtools.json"}
{"timestamp":"2025-09-05T01:25:12.407Z","level":"WARN","message":"Route not found: GET /.well-known/appspecific/com.chrome.devtools.json"}
{"timestamp":"2025-09-05T01:25:25.511Z","level":"WARN","message":"Route not found: GET /.well-known/appspecific/com.chrome.devtools.json"}
{"timestamp":"2025-09-05T02:00:18.279Z","level":"WARN","message":"Route not found: GET /.well-known/appspecific/com.chrome.devtools.json"}
{"timestamp":"2025-09-05T02:01:06.016Z","level":"WARN","message":"Route not found: GET /.well-known/appspecific/com.chrome.devtools.json"}
{"timestamp":"2025-09-05T02:03:02.782Z","level":"WARN","message":"Route not found: GET /.well-known/appspecific/com.chrome.devtools.json"}
{"timestamp":"2025-09-05T02:05:59.657Z","level":"WARN","message":"Route not found: GET /.well-known/appspecific/com.chrome.devtools.json"}
{"timestamp":"2025-09-05T02:06:39.101Z","level":"WARN","message":"Route not found: GET /.well-known/appspecific/com.chrome.devtools.json"}
{"timestamp":"2025-09-05T02:06:45.545Z","level":"WARN","message":"Route not found: GET /.well-known/appspecific/com.chrome.devtools.json"}
{"timestamp":"2025-09-05T02:10:57.438Z","level":"WARN","message":"Route not found: GET /.well-known/appspecific/com.chrome.devtools.json"}
{"timestamp":"2025-09-05T02:39:16.829Z","level":"WARN","message":"Route not found: GET /.well-known/appspecific/com.chrome.devtools.json"}
{"timestamp":"2025-09-05T03:40:38.721Z","level":"WARN","message":"Route not found: GET /.well-known/appspecific/com.chrome.devtools.json"}
{"timestamp":"2025-09-05T03:44:55.953Z","level":"WARN","message":"Route not found: GET /.well-known/appspecific/com.chrome.devtools.json"}
{"timestamp":"2025-09-05T03:46:51.151Z","level":"WARN","message":"Route not found: GET /.well-known/appspecific/com.chrome.devtools.json"}
{"timestamp":"2025-09-05T03:47:19.947Z","level":"WARN","message":"Route not found: GET /.well-known/appspecific/com.chrome.devtools.json"}
{"timestamp":"2025-09-05T03:54:07.540Z","level":"WARN","message":"Route not found: GET /.well-known/appspecific/com.chrome.devtools.json"}
{"timestamp":"2025-09-05T03:56:47.347Z","level":"WARN","message":"Route not found: GET /.well-known/appspecific/com.chrome.devtools.json"}
{"timestamp":"2025-09-05T03:57:01.685Z","level":"WARN","message":"Route not found: GET /simple-admin.html"}
{"timestamp":"2025-09-05T03:57:53.056Z","level":"WARN","message":"Route not found: GET /.well-known/appspecific/com.chrome.devtools.json"}
{"timestamp":"2025-09-05T03:58:11.511Z","level":"WARN","message":"Route not found: GET /simple-admin.html"}
{"timestamp":"2025-09-05T04:01:51.240Z","level":"WARN","message":"Route not found: GET /simple-admin.html"}
{"timestamp":"2025-09-05T04:01:58.762Z","level":"WARN","message":"Route not found: GET /simple-admin.html"}
{"timestamp":"2025-09-05T04:02:06.803Z","level":"WARN","message":"Route not found: GET /simple-admin.html"}
{"timestamp":"2025-09-05T04:02:10.531Z","level":"WARN","message":"Route not found: GET /.well-known/appspecific/com.chrome.devtools.json"}
{"timestamp":"2025-09-05T04:06:17.483Z","level":"WARN","message":"Route not found: GET /simple-admin.html"}
{"timestamp":"2025-09-05T04:06:21.181Z","level":"WARN","message":"Route not found: GET /.well-known/appspecific/com.chrome.devtools.json"}
{"timestamp":"2025-09-05T04:06:39.108Z","level":"WARN","message":"Route not found: PUT /api/simple-admin/users/68b8e01b5a81cb7ec9312a02/role"}
{"timestamp":"2025-09-05T04:06:43.735Z","level":"WARN","message":"Route not found: GET /.well-known/appspecific/com.chrome.devtools.json"}
{"timestamp":"2025-09-05T04:07:01.447Z","level":"WARN","message":"Route not found: PUT /api/simple-admin/users/68b272c9fb8cfb207d28b417/role"}
{"timestamp":"2025-09-05T04:07:04.214Z","level":"WARN","message":"Route not found: GET /.well-known/appspecific/com.chrome.devtools.json"}
{"timestamp":"2025-09-05T04:07:08.646Z","level":"WARN","message":"Route not found: GET /simple-admin.html"}
{"timestamp":"2025-09-05T04:10:00.887Z","level":"WARN","message":"Route not found: GET /.well-known/appspecific/com.chrome.devtools.json"}
{"timestamp":"2025-09-05T04:10:00.904Z","level":"WARN","message":"Route not found: GET /.well-known/appspecific/com.chrome.devtools.json"}
{"timestamp":"2025-09-05T04:10:08.476Z","level":"WARN","message":"Route not found: GET /simple-admin.html"}
{"timestamp":"2025-09-05T04:10:14.355Z","level":"WARN","message":"Route not found: GET /simple-admin.html"}
{"timestamp":"2025-09-05T04:12:07.311Z","level":"WARN","message":"Route not found: GET /.well-known/appspecific/com.chrome.devtools.json"}
{"timestamp":"2025-09-05T04:12:11.222Z","level":"WARN","message":"Route not found: GET /api/simple-admin/dashboard"}
{"timestamp":"2025-09-05T04:13:06.063Z","level":"WARN","message":"Route not found: GET /simple-admin.html"}
{"timestamp":"2025-09-05T04:13:25.080Z","level":"WARN","message":"Route not found: GET /simple-admin.html"}
{"timestamp":"2025-09-05T04:14:23.198Z","level":"WARN","message":"Route not found: GET /api/simple-admin/dashboard"}
{"timestamp":"2025-09-05T04:14:25.471Z","level":"WARN","message":"Route not found: GET /.well-known/appspecific/com.chrome.devtools.json"}
{"timestamp":"2025-09-05T04:14:28.594Z","level":"WARN","message":"Route not found: GET /api/simple-admin/users"}
{"timestamp":"2025-09-05T04:14:28.598Z","level":"WARN","message":"Route not found: GET /api/simple-admin/items"}
{"timestamp":"2025-09-05T04:14:28.602Z","level":"WARN","message":"Route not found: GET /api/simple-admin/dashboard"}
{"timestamp":"2025-09-05T04:15:14.285Z","level":"WARN","message":"Route not found: GET /simple-admin.html"}
{"timestamp":"2025-09-05T04:21:08.952Z","level":"WARN","message":"MongoDB disconnected"}
{"timestamp":"2025-09-05T04:26:57.939Z","level":"WARN","message":"Security Event: Authentication failed: No authorization header","data":{"ip":"::1","userAgent":"Mozilla/5.0 (Windows NT; Windows NT 10.0; en-US) WindowsPowerShell/5.1.26100.5074","path":"/dashboard"}}
{"timestamp":"2025-09-05T04:27:16.777Z","level":"WARN","message":"Route not found: GET /.well-known/appspecific/com.chrome.devtools.json"}
