{"timestamp":"2025-09-10T00:00:16.821Z","level":"WARN","message":"Route not found: GET /uploads/e6ceb305d3d2833438d16bd34d7f6f6d-1757462365828.jpg"}
{"timestamp":"2025-09-10T00:00:28.345Z","level":"WARN","message":"Route not found: GET /ping"}
{"timestamp":"2025-09-10T00:00:28.465Z","level":"WARN","message":"Route not found: GET /uploads/e6ceb305d3d2833438d16bd34d7f6f6d-1757462365828.jpg"}
{"timestamp":"2025-09-10T00:00:29.382Z","level":"WARN","message":"Route not found: GET /uploads/e6ceb305d3d2833438d16bd34d7f6f6d-1757462365828.jpg"}
{"timestamp":"2025-09-10T00:00:41.098Z","level":"WARN","message":"Route not found: GET /uploads/e6ceb305d3d2833438d16bd34d7f6f6d-1757462365828.jpg"}
{"timestamp":"2025-09-10T00:00:52.803Z","level":"WARN","message":"Route not found: GET /uploads/e6ceb305d3d2833438d16bd34d7f6f6d-1757462365828.jpg"}
{"timestamp":"2025-09-10T00:01:03.307Z","level":"WARN","message":"Route not found: GET /uploads/e6ceb305d3d2833438d16bd34d7f6f6d-1757462365828.jpg"}
{"timestamp":"2025-09-10T00:01:27.811Z","level":"WARN","message":"Route not found: GET /uploads/e6ceb305d3d2833438d16bd34d7f6f6d-1757462365828.jpg"}
{"timestamp":"2025-09-10T00:03:53.900Z","level":"WARN","message":"Route not found: GET /ping"}
{"timestamp":"2025-09-10T00:03:54.020Z","level":"WARN","message":"Route not found: GET /uploads/images/1756878985254-603862758.jpg"}
{"timestamp":"2025-09-10T00:03:54.034Z","level":"WARN","message":"Route not found: GET /uploads/images/1756878844818-203944503.jpg"}
{"timestamp":"2025-09-10T00:03:54.038Z","level":"WARN","message":"Route not found: GET /uploads/images/images-1756679146230-943800756.jpg"}
{"timestamp":"2025-09-10T00:03:54.984Z","level":"WARN","message":"Route not found: GET /uploads/images/1756878985254-603862758.jpg"}
{"timestamp":"2025-09-10T00:03:54.990Z","level":"WARN","message":"Route not found: GET /uploads/images/1756878844818-203944503.jpg"}
{"timestamp":"2025-09-10T00:03:54.994Z","level":"WARN","message":"Route not found: GET /uploads/images/images-1756679146230-943800756.jpg"}
{"timestamp":"2025-09-10T00:04:00.319Z","level":"WARN","message":"Route not found: GET /ping"}
{"timestamp":"2025-09-10T00:04:00.415Z","level":"WARN","message":"Route not found: GET /uploads/images/1756878985254-603862758.jpg"}
{"timestamp":"2025-09-10T00:04:00.420Z","level":"WARN","message":"Route not found: GET /uploads/images/images-1756679146230-943800756.jpg"}
{"timestamp":"2025-09-10T00:04:00.421Z","level":"WARN","message":"Route not found: GET /uploads/images/1756878844818-203944503.jpg"}
{"timestamp":"2025-09-10T00:04:01.383Z","level":"WARN","message":"Route not found: GET /uploads/images/1756878985254-603862758.jpg"}
{"timestamp":"2025-09-10T00:04:01.387Z","level":"WARN","message":"Route not found: GET /uploads/images/1756878844818-203944503.jpg"}
{"timestamp":"2025-09-10T00:04:01.393Z","level":"WARN","message":"Route not found: GET /uploads/images/images-1756679146230-943800756.jpg"}
{"timestamp":"2025-09-10T00:04:03.786Z","level":"WARN","message":"Route not found: GET /uploads/images/1756878985254-603862758.jpg"}
{"timestamp":"2025-09-10T00:04:03.788Z","level":"WARN","message":"Route not found: GET /uploads/images/1756878844818-203944503.jpg"}
{"timestamp":"2025-09-10T00:04:03.794Z","level":"WARN","message":"Route not found: GET /uploads/images/images-1756679146230-943800756.jpg"}
{"timestamp":"2025-09-10T00:04:06.481Z","level":"WARN","message":"Route not found: GET /ping"}
{"timestamp":"2025-09-10T00:04:06.572Z","level":"WARN","message":"Route not found: GET /uploads/images/1756878985254-603862758.jpg"}
{"timestamp":"2025-09-10T00:04:06.573Z","level":"WARN","message":"Route not found: GET /uploads/images/1756878844818-203944503.jpg"}
{"timestamp":"2025-09-10T00:04:06.575Z","level":"WARN","message":"Route not found: GET /uploads/images/images-1756679146230-943800756.jpg"}
{"timestamp":"2025-09-10T00:04:07.538Z","level":"WARN","message":"Route not found: GET /uploads/images/1756878985254-603862758.jpg"}
{"timestamp":"2025-09-10T00:04:07.541Z","level":"WARN","message":"Route not found: GET /uploads/images/1756878844818-203944503.jpg"}
{"timestamp":"2025-09-10T00:04:07.547Z","level":"WARN","message":"Route not found: GET /uploads/images/images-1756679146230-943800756.jpg"}
{"timestamp":"2025-09-10T00:04:23.616Z","level":"WARN","message":"Route not found: GET /uploads/images/1756878985254-603862758.jpg"}
{"timestamp":"2025-09-10T00:04:23.618Z","level":"WARN","message":"Route not found: GET /uploads/images/1756878844818-203944503.jpg"}
{"timestamp":"2025-09-10T00:04:23.621Z","level":"WARN","message":"Route not found: GET /uploads/images/images-1756679146230-943800756.jpg"}
{"timestamp":"2025-09-10T00:04:54.016Z","level":"WARN","message":"Route not found: GET /uploads/images/1756878985254-603862758.jpg"}
{"timestamp":"2025-09-10T00:04:54.018Z","level":"WARN","message":"Route not found: GET /uploads/images/1756878844818-203944503.jpg"}
{"timestamp":"2025-09-10T00:04:54.019Z","level":"WARN","message":"Route not found: GET /uploads/images/images-1756679146230-943800756.jpg"}
{"timestamp":"2025-09-10T00:05:01.271Z","level":"WARN","message":"Route not found: GET /uploads/images/1756878985254-603862758.jpg"}
{"timestamp":"2025-09-10T00:05:08.698Z","level":"WARN","message":"Route not found: GET /ping"}
{"timestamp":"2025-09-10T00:05:08.801Z","level":"WARN","message":"Route not found: GET /uploads/images/1756878985254-603862758.jpg"}
{"timestamp":"2025-09-10T00:05:08.802Z","level":"WARN","message":"Route not found: GET /uploads/images/1756878844818-203944503.jpg"}
{"timestamp":"2025-09-10T00:05:08.804Z","level":"WARN","message":"Route not found: GET /uploads/images/images-1756679146230-943800756.jpg"}
{"timestamp":"2025-09-10T00:05:09.764Z","level":"WARN","message":"Route not found: GET /uploads/images/1756878985254-603862758.jpg"}
{"timestamp":"2025-09-10T00:05:09.767Z","level":"WARN","message":"Route not found: GET /uploads/images/1756878844818-203944503.jpg"}
{"timestamp":"2025-09-10T00:05:09.771Z","level":"WARN","message":"Route not found: GET /uploads/images/images-1756679146230-943800756.jpg"}
{"timestamp":"2025-09-10T00:07:30.374Z","level":"WARN","message":"Route not found: GET /uploads/images/1756878985254-603862758.jpg"}
{"timestamp":"2025-09-10T00:07:33.091Z","level":"WARN","message":"Route not found: GET /uploads/images/1756878985254-603862758.jpg"}
{"timestamp":"2025-09-10T00:07:33.093Z","level":"WARN","message":"Route not found: GET /uploads/images/1756878844818-203944503.jpg"}
{"timestamp":"2025-09-10T00:07:33.095Z","level":"WARN","message":"Route not found: GET /uploads/images/images-1756679146230-943800756.jpg"}
{"timestamp":"2025-09-10T00:07:40.370Z","level":"WARN","message":"Route not found: GET /uploads/images/1756878985254-603862758.jpg"}
{"timestamp":"2025-09-10T00:08:32.595Z","level":"WARN","message":"Route not found: GET /ping"}
{"timestamp":"2025-09-10T00:09:03.744Z","level":"WARN","message":"Route not found: GET /.well-known/appspecific/com.chrome.devtools.json"}
{"timestamp":"2025-09-10T00:09:08.743Z","level":"WARN","message":"Route not found: GET /.well-known/appspecific/com.chrome.devtools.json"}
{"timestamp":"2025-09-10T00:09:08.837Z","level":"WARN","message":"Route not found: GET /ping"}
{"timestamp":"2025-09-10T00:10:32.655Z","level":"WARN","message":"Route not found: GET /.well-known/appspecific/com.chrome.devtools.json"}
{"timestamp":"2025-09-10T00:10:32.744Z","level":"WARN","message":"Route not found: GET /ping"}
{"timestamp":"2025-09-10T00:11:29.967Z","level":"WARN","message":"Route not found: GET /uploads/1756878985254-603862758.jpg"}
{"timestamp":"2025-09-10T00:11:29.969Z","level":"WARN","message":"Route not found: GET /uploads/1756878844818-203944503.jpg"}
{"timestamp":"2025-09-10T00:11:29.971Z","level":"WARN","message":"Route not found: GET /uploads/e6ceb305d3d2833438d16bd34d7f6f6d-1757462365828.jpg"}
{"timestamp":"2025-09-10T00:11:29.973Z","level":"WARN","message":"Route not found: GET /uploads/images-1756679146230-943800756.jpg"}
{"timestamp":"2025-09-10T00:11:32.843Z","level":"WARN","message":"Route not found: GET /ping"}
{"timestamp":"2025-09-10T00:11:37.988Z","level":"WARN","message":"Route not found: GET /uploads/1756878985254-603862758.jpg"}
{"timestamp":"2025-09-10T00:11:37.990Z","level":"WARN","message":"Route not found: GET /uploads/1756878844818-203944503.jpg"}
{"timestamp":"2025-09-10T00:11:37.992Z","level":"WARN","message":"Route not found: GET /uploads/e6ceb305d3d2833438d16bd34d7f6f6d-1757462365828.jpg"}
{"timestamp":"2025-09-10T00:11:37.995Z","level":"WARN","message":"Route not found: GET /uploads/images-1756679146230-943800756.jpg"}
{"timestamp":"2025-09-10T00:13:21.120Z","level":"WARN","message":"Route not found: GET /ping"}
{"timestamp":"2025-09-10T00:15:39.360Z","level":"WARN","message":"Route not found: GET /ping"}
{"timestamp":"2025-09-10T00:15:50.199Z","level":"WARN","message":"Route not found: GET /.well-known/appspecific/com.chrome.devtools.json"}
{"timestamp":"2025-09-10T00:17:47.763Z","level":"WARN","message":"Route not found: GET /.well-known/appspecific/com.chrome.devtools.json"}
{"timestamp":"2025-09-10T00:17:47.856Z","level":"WARN","message":"Route not found: GET /ping"}
{"timestamp":"2025-09-10T00:18:47.844Z","level":"WARN","message":"Route not found: GET /.well-known/appspecific/com.chrome.devtools.json"}
{"timestamp":"2025-09-10T00:21:53.184Z","level":"WARN","message":"Route not found: GET /.well-known/appspecific/com.chrome.devtools.json"}
{"timestamp":"2025-09-10T00:21:53.296Z","level":"WARN","message":"Route not found: GET /ping"}
{"timestamp":"2025-09-10T00:27:29.299Z","level":"WARN","message":"Route not found: GET /.well-known/appspecific/com.chrome.devtools.json"}
{"timestamp":"2025-09-10T00:27:29.423Z","level":"WARN","message":"Route not found: GET /ping"}
{"timestamp":"2025-09-10T00:30:14.593Z","level":"WARN","message":"Route not found: GET /.well-known/appspecific/com.chrome.devtools.json"}
{"timestamp":"2025-09-10T00:30:14.658Z","level":"WARN","message":"Route not found: GET /ping"}
{"timestamp":"2025-09-10T00:40:50.280Z","level":"WARN","message":"Route not found: GET /.well-known/appspecific/com.chrome.devtools.json"}
{"timestamp":"2025-09-10T00:40:50.386Z","level":"WARN","message":"Route not found: GET /ping"}
{"timestamp":"2025-09-10T00:42:41.883Z","level":"WARN","message":"Route not found: GET /.well-known/appspecific/com.chrome.devtools.json"}
{"timestamp":"2025-09-10T00:42:41.969Z","level":"WARN","message":"Route not found: GET /ping"}
{"timestamp":"2025-09-10T00:42:43.784Z","level":"WARN","message":"Route not found: GET /.well-known/appspecific/com.chrome.devtools.json"}
{"timestamp":"2025-09-10T00:42:43.892Z","level":"WARN","message":"Route not found: GET /ping"}
{"timestamp":"2025-09-10T00:51:54.176Z","level":"WARN","message":"MongoDB disconnected"}
